<html>
<body>
<pre>
<h1>µVision Build Log</h1>
<h2>Tool Versions:</h2>
IDE-Version: ¦ÌVision V5.37.0.0
Copyright (C) 2022 ARM Ltd and ARM Germany GmbH. All rights reserved.
License Information: dd haloflag117, dd, LIC=8MZI6-DAX3C-4AJDE-51A2F-XQR6X-UJ0UE
 
Tool Versions:
Toolchain:       MDK-ARM Professional  Version: 5.37.0.0
Toolchain Path:  E:\Keil_v5\ARM\ARMCompiler506\Bin
C Compiler:      Armcc.exe V5.06 update 7 (build 960)
Assembler:       Armasm.exe V5.06 update 7 (build 960)
Linker/Locator:  ArmLink.exe V5.06 update 7 (build 960)
Library Manager: ArmAr.exe V5.06 update 7 (build 960)
Hex Converter:   FromElf.exe V5.06 update 7 (build 960)
CPU DLL:         SARMCM3.DLL V5.37.0.0
Dialog DLL:      DCM.DLL V1.17.5.0
Target DLL:      CMSIS_AGDI.dll V1.33.12.0
Dialog DLL:      TCM.DLL V1.56.1.0
 
<h2>Project:</h2>
D:\Study\shixi\v1.0.7\USER\CAR.uvprojx
Project File Date:  07/20/2024

<h2>Output:</h2>
*** Using Compiler 'V5.06 update 7 (build 960)', folder: 'E:\Keil_v5\ARM\ARMCompiler506\Bin'
Build target 'CAR'
compiling main.c...
BEEP.h(6): warning:  #1295-D: Deprecated declaration BeepON - give arg types
  void BeepON();
BEEP.h(8): warning:  #1295-D: Deprecated declaration BeepOFF - give arg types
  void BeepOFF();
bluetooth.h(23): warning:  #1295-D: Deprecated declaration BlueToothInit - give arg types
  void BlueToothInit();
bluetooth.h(24): warning:  #1-D: last line of file ends without a newline
  #endif // __BLUETOOTH_H
PWM.h(11): warning:  #1295-D: Deprecated declaration BreathingLight - give arg types
  void BreathingLight();
PWM.h(14): warning:  #1-D: last line of file ends without a newline
  #endif
Wheel.h(18): warning:  #1295-D: Deprecated declaration Leftwheel_Go - give arg types
  void Leftwheel_Go();
Wheel.h(19): warning:  #1295-D: Deprecated declaration Leftwheel_Back - give arg types
  void  Leftwheel_Back();
Wheel.h(20): warning:  #1295-D: Deprecated declaration Leftwheel_Stop - give arg types
  void  Leftwheel_Stop();
Wheel.h(21): warning:  #1295-D: Deprecated declaration Rightwheel_Go - give arg types
  void  Rightwheel_Go();
Wheel.h(22): warning:  #1295-D: Deprecated declaration Rightwheel_Back - give arg types
  void  Rightwheel_Back();
Wheel.h(23): warning:  #1295-D: Deprecated declaration Rightwheel_Stop - give arg types
  void Rightwheel_Stop();
Line.h(32): warning:  #1295-D: Deprecated declaration LineInit - give arg types
  void LineInit();
Line.h(33): warning:  #1295-D: Deprecated declaration ActionFA - give arg types
  void ActionFA();
Line.h(34): warning:  #1295-D: Deprecated declaration Line_Detection - give arg types
  LineStatus* Line_Detection();
Line.h(35): warning:  #1295-D: Deprecated declaration CacuPwm - give arg types
  int  CacuPwm();
Line.h(36): warning:  #1295-D: Deprecated declaration CarLineRun - give arg types
  void CarLineRun();
Line.h(39): warning:  #1-D: last line of file ends without a newline
  #endif
Servo.h(9): warning:  #1295-D: Deprecated declaration ServoPWMInit - give arg types
  void ServoPWMInit();
Servo.h(10): warning:  #1295-D: Deprecated declaration ServoLeft - give arg types
  void ServoLeft();
Servo.h(11): warning:  #1295-D: Deprecated declaration ServoRight - give arg types
  void ServoRight();
Servo.h(12): warning:  #1295-D: Deprecated declaration ServoMid - give arg types
  void ServoMid();
Servo.h(13): warning:  #1295-D: Deprecated declaration BlockDetection - give arg types
  int BlockDetection();
Servo.h(14): warning:  #1-D: last line of file ends without a newline
  #endif
Fire.h(16): warning:  #1295-D: Deprecated declaration GetFire5_1 - give arg types
  void GetFire5_1();
Fire.h(20): warning:  #1-D: last line of file ends without a newline
  #endif
main.c: 26 warnings, 0 errors
compiling Line.c...
Line.h(32): warning:  #1295-D: Deprecated declaration LineInit - give arg types
  void LineInit();
Line.h(33): warning:  #1295-D: Deprecated declaration ActionFA - give arg types
  void ActionFA();
Line.h(34): warning:  #1295-D: Deprecated declaration Line_Detection - give arg types
  LineStatus* Line_Detection();
Line.h(35): warning:  #1295-D: Deprecated declaration CacuPwm - give arg types
  int  CacuPwm();
Line.h(36): warning:  #1295-D: Deprecated declaration CarLineRun - give arg types
  void CarLineRun();
Line.h(39): warning:  #1-D: last line of file ends without a newline
  #endif
Wheel.h(18): warning:  #1295-D: Deprecated declaration Leftwheel_Go - give arg types
  void Leftwheel_Go();
Wheel.h(19): warning:  #1295-D: Deprecated declaration Leftwheel_Back - give arg types
  void  Leftwheel_Back();
Wheel.h(20): warning:  #1295-D: Deprecated declaration Leftwheel_Stop - give arg types
  void  Leftwheel_Stop();
Wheel.h(21): warning:  #1295-D: Deprecated declaration Rightwheel_Go - give arg types
  void  Rightwheel_Go();
Wheel.h(22): warning:  #1295-D: Deprecated declaration Rightwheel_Back - give arg types
  void  Rightwheel_Back();
Wheel.h(23): warning:  #1295-D: Deprecated declaration Rightwheel_Stop - give arg types
  void Rightwheel_Stop();
Servo.h(9): warning:  #1295-D: Deprecated declaration ServoPWMInit - give arg types
  void ServoPWMInit();
Servo.h(10): warning:  #1295-D: Deprecated declaration ServoLeft - give arg types
  void ServoLeft();
Servo.h(11): warning:  #1295-D: Deprecated declaration ServoRight - give arg types
  void ServoRight();
Servo.h(12): warning:  #1295-D: Deprecated declaration ServoMid - give arg types
  void ServoMid();
Servo.h(13): warning:  #1295-D: Deprecated declaration BlockDetection - give arg types
  int BlockDetection();
Servo.h(14): warning:  #1-D: last line of file ends without a newline
  #endif
Line.c: 18 warnings, 0 errors
linking...
Program Size: Code=17460 RO-data=716 RW-data=124 ZI-data=1948  
FromELF: creating hex file...
"..\OBJ\CAR.axf" - 0 Error(s), 44 Warning(s).

<h2>Software Packages used:</h2>

Package Vendor: Keil
                http://www.keil.com/pack/Keil.STM32F1xx_DFP.2.4.0.pack
                Keil.STM32F1xx_DFP.2.4.0
                STMicroelectronics STM32F1 Series Device Support, Drivers and Examples

<h2>Collection of Component include folders:</h2>
  E:/Users/haloflag117/AppData/Local/Arm/Packs/Keil/STM32F1xx_DFP/2.4.0/Device/Include

<h2>Collection of Component Files used:</h2>
Build Time Elapsed:  00:00:02
</pre>
</body>
</html>
